08/11/2025 06:06:03 PM - INFO: Request
	url: https://qa-assignment-omega.vercel.app/api/equipment
	headers: {'Accept': '*/*', 'Content-Type': 'application/json', 'x-api-key': 'reqres-free-v1'}
	payload: {'name': 'Excavator CAT 320 #837845', 'status': 'Active', 'location': 'Site A'}
08/11/2025 06:06:04 PM - INFO: Response
	{'success': True, 'data': {'id': 73, 'name': 'Excavator CAT 320 #837845', 'status': 'Active', 'location': 'Site A', 'lastUpdated': '2025-08-11T14:06:04.626Z'}}
08/11/2025 06:06:04 PM - INFO: End of test
08/11/2025 06:06:04 PM - INFO: Request
	url: https://qa-assignment-omega.vercel.app/api/equipment
	headers: {'Accept': '*/*', 'Content-Type': 'application/json', 'x-api-key': 'reqres-free-v1'}
	payload: {'name': 'Bulldozer Komatsu D65 #724011', 'status': 'Idle', 'location': 'Site B'}
08/11/2025 06:06:05 PM - INFO: Response
	{'success': True, 'data': {'id': 74, 'name': 'Bulldozer Komatsu D65 #724011', 'status': 'Idle', 'location': 'Site B', 'lastUpdated': '2025-08-11T14:06:05.460Z'}}
08/11/2025 06:06:05 PM - INFO: End of test
08/11/2025 06:06:05 PM - INFO: Request
	url: https://qa-assignment-omega.vercel.app/api/equipment
	headers: {'Accept': '*/*', 'Content-Type': 'application/json', 'x-api-key': 'reqres-free-v1'}
	payload: {'name': 'Crane Liebherr LTM 1055 #543572', 'status': 'Under Maintenance', 'location': 'Site C'}
08/11/2025 06:06:05 PM - INFO: Response
	{'success': True, 'data': {'id': 75, 'name': 'Crane Liebherr LTM 1055 #543572', 'status': 'Under Maintenance', 'location': 'Site C', 'lastUpdated': '2025-08-11T14:06:06.294Z'}}
08/11/2025 06:06:06 PM - INFO: End of test
08/11/2025 06:06:06 PM - INFO: Request
	url: https://qa-assignment-omega.vercel.app/api/equipment
	headers: {'Accept': '*/*', 'Content-Type': 'application/json', 'x-api-key': 'reqres-free-v1'}
	payload: {'name': 'Loader JCB 3DX #395196', 'status': 'Active', 'location': 'Site D'}
08/11/2025 06:06:06 PM - INFO: Response
	{'success': True, 'data': {'id': 76, 'name': 'Loader JCB 3DX #395196', 'status': 'Active', 'location': 'Site D', 'lastUpdated': '2025-08-11T14:06:07.123Z'}}
08/11/2025 06:06:06 PM - INFO: End of test
08/11/2025 06:06:06 PM - INFO: Request
	url: https://qa-assignment-omega.vercel.app/api/equipment
	headers: {'Accept': '*/*', 'Content-Type': 'application/json', 'x-api-key': 'reqres-free-v1'}
	payload: {'name': 'Backhoe #804715', 'status': 'BROKEN', 'location': 'Site X'}
08/11/2025 06:06:07 PM - INFO: POST 400 payload={'name': 'Backhoe #804715', 'status': 'BROKEN', 'location': 'Site X'} status=400 body={"success":false,"error":"Invalid status. Must be Active, Idle, or Under Maintenance"}
08/11/2025 06:06:07 PM - INFO: End of test
08/11/2025 06:06:07 PM - INFO: Request
	url: https://qa-assignment-omega.vercel.app/api/equipment
	headers: {'Accept': '*/*', 'Content-Type': 'application/json', 'x-api-key': 'reqres-free-v1'}
	payload: {'status': 'Active', 'location': 'Site Y'}
08/11/2025 06:06:07 PM - INFO: POST 400 payload={'status': 'Active', 'location': 'Site Y'} status=400 body={"success":false,"error":"Name, status, and location are required"}
08/11/2025 06:06:07 PM - INFO: End of test
08/11/2025 06:06:07 PM - INFO: Request
	url: https://qa-assignment-omega.vercel.app/api/equipment
	headers: {'Accept': '*/*', 'Content-Type': 'application/json', 'x-api-key': 'reqres-free-v1'}
08/11/2025 06:06:08 PM - INFO: POST payload: {'name': 'Excavator CAT 320 #060841', 'status': 'Active', 'location': 'Site A'} -> status 201
08/11/2025 06:06:08 PM - INFO: POST payload: {'name': 'Bulldozer Komatsu D65 #458744', 'status': 'Idle', 'location': 'Site B'} -> status 201
08/11/2025 06:06:09 PM - INFO: POST payload: {'name': 'Crane Liebherr LTM 1055 #888033', 'status': 'Under Maintenance', 'location': 'Site C'} -> status 201
08/11/2025 06:06:09 PM - INFO: End of test
08/11/2025 06:06:09 PM - INFO: Request
	url: https://qa-assignment-omega.vercel.app/api/equipment
	headers: {'Accept': '*/*', 'Content-Type': 'application/json', 'x-api-key': 'reqres-free-v1'}
	payload: {'name': 'Skid Steer S70 #921575', 'status': 'Idle', 'location': 'Site Z'}
08/11/2025 06:06:10 PM - INFO: POST time: 400.0 ms, status=201
08/11/2025 06:06:10 PM - INFO: End of test
08/11/2025 06:06:10 PM - INFO: CREATE equipment -> {'name': 'Excavator CAT 320 #329084', 'status': 'Active', 'location': 'Site A'}
08/11/2025 06:06:10 PM - INFO: Request
	url: https://qa-assignment-omega.vercel.app/api/equipment
	headers: {'Accept': '*/*', 'Content-Type': 'application/json', 'x-api-key': 'reqres-free-v1'}
	body: {'name': 'Excavator CAT 320 #329084', 'status': 'Active', 'location': 'Site A'}
08/11/2025 06:06:10 PM - INFO: Response 201: {"success":true,"data":{"id":81,"name":"Excavator CAT 320 #329084","status":"Active","location":"Site A","lastUpdated":"2025-08-11T14:06:11.097Z"}}
08/11/2025 06:06:10 PM - INFO: Transitioning equipment 81 from Idle by Operator John
08/11/2025 06:06:10 PM - INFO: Request
	url: https://qa-assignment-omega.vercel.app/api/equipment/81/status
	headers: {'Accept': '*/*', 'Content-Type': 'application/json', 'x-api-key': 'reqres-free-v1'}
	body: {'status': 'Idle', 'changedBy': 'Operator John'}
08/11/2025 06:06:11 PM - INFO: Status updated to Idle by Operator John
08/11/2025 06:06:11 PM - INFO: Response 200: {"success":true,"data":{"equipment":{"id":81,"name":"Excavator CAT 320 #329084","status":"Idle","location":"Site A","lastUpdated":"2025-08-11T14:06:11.514Z"},"historyEntry":{"id":46,"equipmentId":81,"previousStatus":"Active","newStatus":"Idle","timestamp":"2025-08-11T14:06:11.514Z","changedBy":"Operator John"}}}
08/11/2025 06:06:11 PM - INFO: Transitioning equipment 81 from Under Maintenance by Technician Mike
08/11/2025 06:06:11 PM - INFO: Request
	url: https://qa-assignment-omega.vercel.app/api/equipment/81/status
	headers: {'Accept': '*/*', 'Content-Type': 'application/json', 'x-api-key': 'reqres-free-v1'}
	body: {'status': 'Under Maintenance', 'changedBy': 'Technician Mike'}
08/11/2025 06:06:11 PM - INFO: Status updated to Under Maintenance by Technician Mike
08/11/2025 06:06:11 PM - INFO: Response 200: {"success":true,"data":{"equipment":{"id":81,"name":"Excavator CAT 320 #329084","status":"Under Maintenance","location":"Site A","lastUpdated":"2025-08-11T14:06:12.178Z"},"historyEntry":{"id":47,"equipmentId":81,"previousStatus":"Idle","newStatus":"Under Maintenance","timestamp":"2025-08-11T14:06:12.178Z","changedBy":"Technician Mike"}}}
08/11/2025 06:06:11 PM - INFO: Request
	url: https://qa-assignment-omega.vercel.app/api/equipment/81/history
	headers: {'Accept': '*/*', 'Content-Type': 'application/json', 'x-api-key': 'reqres-free-v1'}
	params: {'limit': 5, 'offset': 0}
08/11/2025 06:06:11 PM - INFO: GET history https://qa-assignment-omega.vercel.app/api/equipment/81/history params={'limit': 5, 'offset': 0}
08/11/2025 06:06:12 PM - INFO: Response 200: {"success":true,"data":{"equipmentId":81,"history":[{"id":47,"equipmentId":81,"previousStatus":"Idle","newStatus":"Under Maintenance","timestamp":"2025-08-11T14:06:12.178Z","changedBy":"Technician Mike"},{"id":46,"equipmentId":81,"previousStatus":"Active","newStatus":"Idle","timestamp":"2025-08-11T14:06:11.514Z","changedBy":"Operator John"}],"total":2,"limit":5,"offset":0,"hasMore":false}}
08/11/2025 06:06:12 PM - INFO: End of test
08/11/2025 06:06:12 PM - INFO: CREATE equipment -> {'name': 'Excavator CAT 320 #268046', 'status': 'Active', 'location': 'Site A'}
08/11/2025 06:06:12 PM - INFO: Request
	url: https://qa-assignment-omega.vercel.app/api/equipment
	headers: {'Accept': '*/*', 'Content-Type': 'application/json', 'x-api-key': 'reqres-free-v1'}
	body: {'name': 'Excavator CAT 320 #268046', 'status': 'Active', 'location': 'Site A'}
08/11/2025 06:06:12 PM - INFO: Response 201: {"success":true,"data":{"id":82,"name":"Excavator CAT 320 #268046","status":"Active","location":"Site A","lastUpdated":"2025-08-11T14:06:13.003Z"}}
08/11/2025 06:06:12 PM - INFO: Transitioning equipment 82 from Idle by Operator John
08/11/2025 06:06:12 PM - INFO: Request
	url: https://qa-assignment-omega.vercel.app/api/equipment/82/status
	headers: {'Accept': '*/*', 'Content-Type': 'application/json', 'x-api-key': 'reqres-free-v1'}
	body: {'status': 'Idle', 'changedBy': 'Operator John'}
08/11/2025 06:06:13 PM - INFO: Status updated to Idle by Operator John
08/11/2025 06:06:13 PM - INFO: Response 200: {"success":true,"data":{"equipment":{"id":82,"name":"Excavator CAT 320 #268046","status":"Idle","location":"Site A","lastUpdated":"2025-08-11T14:06:13.448Z"},"historyEntry":{"id":48,"equipmentId":82,"previousStatus":"Active","newStatus":"Idle","timestamp":"2025-08-11T14:06:13.448Z","changedBy":"Operator John"}}}
08/11/2025 06:06:13 PM - INFO: Transitioning equipment 82 from Under Maintenance by Technician Mike
08/11/2025 06:06:13 PM - INFO: Request
	url: https://qa-assignment-omega.vercel.app/api/equipment/82/status
	headers: {'Accept': '*/*', 'Content-Type': 'application/json', 'x-api-key': 'reqres-free-v1'}
	body: {'status': 'Under Maintenance', 'changedBy': 'Technician Mike'}
08/11/2025 06:06:13 PM - INFO: Status updated to Under Maintenance by Technician Mike
08/11/2025 06:06:13 PM - INFO: Response 200: {"success":true,"data":{"equipment":{"id":82,"name":"Excavator CAT 320 #268046","status":"Under Maintenance","location":"Site A","lastUpdated":"2025-08-11T14:06:13.874Z"},"historyEntry":{"id":49,"equipmentId":82,"previousStatus":"Idle","newStatus":"Under Maintenance","timestamp":"2025-08-11T14:06:13.874Z","changedBy":"Technician Mike"}}}
08/11/2025 06:06:13 PM - INFO: Request
	url: https://qa-assignment-omega.vercel.app/api/equipment/82/history
	headers: {'Accept': '*/*', 'Content-Type': 'application/json', 'x-api-key': 'reqres-free-v1'}
	params: {'limit': 5, 'offset': 0}
08/11/2025 06:06:13 PM - INFO: GET history https://qa-assignment-omega.vercel.app/api/equipment/82/history params={'limit': 5, 'offset': 0}
08/11/2025 06:06:13 PM - INFO: HISTORY time: 416.6 ms (status=200)
08/11/2025 06:06:13 PM - INFO: End of test
08/11/2025 06:06:13 PM - INFO: Request
	url: https://qa-assignment-omega.vercel.app/api/equipment
	headers: {'Accept': '*/*', 'Content-Type': 'application/json', 'x-api-key': 'reqres-free-v1'}
08/11/2025 06:06:14 PM - INFO: Response
	{'success': True, 'data': [{'id': 1, 'name': 'Excavator CAT 320', 'status': 'Active', 'location': 'Site A', 'lastUpdated': '2024-01-15T10:30:00Z'}, {'id': 2, 'name': 'Bulldozer Komatsu D65', 'status': 'Idle', 'location': 'Site B', 'lastUpdated': '2024-01-15T09:15:00Z'}, {'id': 3, 'name': 'Crane Liebherr LTM', 'status': 'Under Maintenance', 'location': 'Workshop', 'lastUpdated': '2024-01-14T16:45:00Z'}, {'id': 4, 'name': 'Loader Volvo L120', 'status': 'Active', 'location': 'Site C', 'lastUpdated': '2024-01-15T11:20:00Z'}, {'id': 5, 'name': 'Dump Truck Terex TA300', 'status': 'Idle', 'location': 'Yard', 'lastUpdated': '2024-01-15T08:30:00Z'}, {'id': 6, 'name': '', 'status': 'Active', 'location': 'Site D', 'lastUpdated': '2024-01-15T12:00:00Z'}, {'id': 7, 'name': 'Excavator CAT 320 #147050', 'status': 'Under Maintenance', 'location': 'Site A', 'lastUpdated': '2025-08-11T13:57:11.459Z'}, {'id': 8, 'name': 'Excavator CAT 320 #532073', 'status': 'Under Maintenance', 'location': 'Site A', 'lastUpdated': '2025-08-11T13:57:12.299Z'}, {'id': 9, 'name': 'Excavator CAT 320 #367607', 'status': 'Under Maintenance', 'location': 'Site A', 'lastUpdated': '2025-08-11T13:57:20.984Z'}, {'id': 10, 'name': 'Excavator CAT 320 #070545', 'status': 'Under Maintenance', 'location': 'Site A', 'lastUpdated': '2025-08-11T13:57:21.844Z'}, {'id': 11, 'name': 'Excavator CAT 320 #003740', 'status': 'Under Maintenance', 'location': 'Site A', 'lastUpdated': '2025-08-11T13:58:02.646Z'}, {'id': 12, 'name': 'Excavator CAT 320 #738078', 'status': 'Under Maintenance', 'location': 'Site A', 'lastUpdated': '2025-08-11T13:58:03.960Z'}, {'id': 13, 'name': 'Excavator CAT 320 #656285', 'status': 'Under Maintenance', 'location': 'Site A', 'lastUpdated': '2025-08-11T13:58:15.290Z'}, {'id': 14, 'name': 'Excavator CAT 320 #403012', 'status': 'Under Maintenance', 'location': 'Site A', 'lastUpdated': '2025-08-11T13:58:16.984Z'}, {'id': 15, 'name': 'Excavator CAT 320 #234984', 'status': 'Under Maintenance', 'location': 'Site A', 'lastUpdated': '2025-08-11T13:58:21.804Z'}, {'id': 16, 'name': 'Excavator CAT 320 #865926', 'status': 'Under Maintenance', 'location': 'Site A', 'lastUpdated': '2025-08-11T13:58:23.403Z'}, {'id': 17, 'name': 'Excavator CAT 320 #346880', 'status': 'Active', 'location': 'Site A', 'lastUpdated': '2025-08-11T14:00:53.167Z'}, {'id': 18, 'name': 'Bulldozer Komatsu D65 #273227', 'status': 'Idle', 'location': 'Site B', 'lastUpdated': '2025-08-11T14:00:54.049Z'}, {'id': 19, 'name': 'Crane Liebherr LTM 1055 #144539', 'status': 'Under Maintenance', 'location': 'Site C', 'lastUpdated': '2025-08-11T14:00:54.909Z'}, {'id': 20, 'name': 'Loader JCB 3DX #968505', 'status': 'Active', 'location': 'Site D', 'lastUpdated': '2025-08-11T14:00:55.697Z'}, {'id': 21, 'name': 'Excavator CAT 320 #565199', 'status': 'Active', 'location': 'Site A', 'lastUpdated': '2025-08-11T14:00:57.306Z'}, {'id': 22, 'name': 'Bulldozer Komatsu D65 #958397', 'status': 'Idle', 'location': 'Site B', 'lastUpdated': '2025-08-11T14:00:57.704Z'}, {'id': 23, 'name': 'Crane Liebherr LTM 1055 #358361', 'status': 'Under Maintenance', 'location': 'Site C', 'lastUpdated': '2025-08-11T14:00:58.103Z'}, {'id': 24, 'name': 'Skid Steer S70 #147436', 'status': 'Idle', 'location': 'Site Z', 'lastUpdated': '2025-08-11T14:00:58.889Z'}, {'id': 25, 'name': 'Excavator CAT 320 #549361', 'status': 'Under Maintenance', 'location': 'Site A', 'lastUpdated': '2025-08-11T14:01:00.090Z'}, {'id': 26, 'name': 'Excavator CAT 320 #150927', 'status': 'Under Maintenance', 'location': 'Site A', 'lastUpdated': '2025-08-11T14:01:01.693Z'}, {'id': 27, 'name': 'Excavator CAT 320 #556336', 'status': 'Under Maintenance', 'location': 'Site A', 'lastUpdated': '2025-08-11T14:01:04.805Z'}, {'id': 28, 'name': 'Excavator CAT 320 #855871', 'status': 'Active', 'location': 'Site A', 'lastUpdated': '2025-08-11T14:01:05.603Z'}, {'id': 29, 'name': 'Excavator CAT 320 #685820', 'status': 'Active', 'location': 'Site A', 'lastUpdated': '2025-08-11T14:01:06.445Z'}, {'id': 30, 'name': 'Excavator CAT 320 #348089', 'status': 'Idle', 'location': 'Site A', 'lastUpdated': '2025-08-11T14:01:08.559Z'}, {'id': 31, 'name': 'Excavator CAT 320 #389353', 'status': 'Active', 'location': 'Site A', 'lastUpdated': '2025-08-11T14:02:08.190Z'}, {'id': 32, 'name': 'Bulldozer Komatsu D65 #272238', 'status': 'Idle', 'location': 'Site B', 'lastUpdated': '2025-08-11T14:02:09.051Z'}, {'id': 33, 'name': 'Crane Liebherr LTM 1055 #952156', 'status': 'Under Maintenance', 'location': 'Site C', 'lastUpdated': '2025-08-11T14:02:11.690Z'}, {'id': 34, 'name': 'Loader JCB 3DX #757455', 'status': 'Active', 'location': 'Site D', 'lastUpdated': '2025-08-11T14:02:12.518Z'}, {'id': 35, 'name': 'Excavator CAT 320 #460179', 'status': 'Active', 'location': 'Site A', 'lastUpdated': '2025-08-11T14:02:14.224Z'}, {'id': 36, 'name': 'Bulldozer Komatsu D65 #878528', 'status': 'Idle', 'location': 'Site B', 'lastUpdated': '2025-08-11T14:02:14.604Z'}, {'id': 37, 'name': 'Crane Liebherr LTM 1055 #262859', 'status': 'Under Maintenance', 'location': 'Site C', 'lastUpdated': '2025-08-11T14:02:15.025Z'}, {'id': 38, 'name': 'Skid Steer S70 #113959', 'status': 'Idle', 'location': 'Site Z', 'lastUpdated': '2025-08-11T14:02:15.869Z'}, {'id': 39, 'name': 'Excavator CAT 320 #533158', 'status': 'Under Maintenance', 'location': 'Site A', 'lastUpdated': '2025-08-11T14:02:17.113Z'}, {'id': 40, 'name': 'Excavator CAT 320 #236223', 'status': 'Under Maintenance', 'location': 'Site A', 'lastUpdated': '2025-08-11T14:02:18.755Z'}, {'id': 41, 'name': 'Excavator CAT 320 #732255', 'status': 'Under Maintenance', 'location': 'Site A', 'lastUpdated': '2025-08-11T14:02:21.927Z'}, {'id': 42, 'name': 'Excavator CAT 320 #003635', 'status': 'Active', 'location': 'Site A', 'lastUpdated': '2025-08-11T14:02:22.761Z'}, {'id': 43, 'name': 'Excavator CAT 320 #834922', 'status': 'Active', 'location': 'Site A', 'lastUpdated': '2025-08-11T14:02:23.610Z'}, {'id': 44, 'name': 'Excavator CAT 320 #514042', 'status': 'Idle', 'location': 'Site A', 'lastUpdated': '2025-08-11T14:02:25.720Z'}, {'id': 45, 'name': 'Excavator CAT 320 #883446', 'status': 'Active', 'location': 'Site A', 'lastUpdated': '2025-08-11T14:02:38.672Z'}, {'id': 46, 'name': 'Bulldozer Komatsu D65 #822419', 'status': 'Idle', 'location': 'Site B', 'lastUpdated': '2025-08-11T14:02:39.604Z'}, {'id': 47, 'name': 'Crane Liebherr LTM 1055 #667435', 'status': 'Under Maintenance', 'location': 'Site C', 'lastUpdated': '2025-08-11T14:02:40.427Z'}, {'id': 48, 'name': 'Loader JCB 3DX #499052', 'status': 'Active', 'location': 'Site D', 'lastUpdated': '2025-08-11T14:02:41.276Z'}, {'id': 49, 'name': 'Excavator CAT 320 #167617', 'status': 'Active', 'location': 'Site A', 'lastUpdated': '2025-08-11T14:02:42.930Z'}, {'id': 50, 'name': 'Bulldozer Komatsu D65 #586686', 'status': 'Idle', 'location': 'Site B', 'lastUpdated': '2025-08-11T14:02:43.353Z'}, {'id': 51, 'name': 'Crane Liebherr LTM 1055 #009627', 'status': 'Under Maintenance', 'location': 'Site C', 'lastUpdated': '2025-08-11T14:02:43.776Z'}, {'id': 52, 'name': 'Skid Steer S70 #805334', 'status': 'Idle', 'location': 'Site Z', 'lastUpdated': '2025-08-11T14:02:44.589Z'}, {'id': 53, 'name': 'Excavator CAT 320 #255412', 'status': 'Under Maintenance', 'location': 'Site A', 'lastUpdated': '2025-08-11T14:02:45.840Z'}, {'id': 54, 'name': 'Excavator CAT 320 #900789', 'status': 'Under Maintenance', 'location': 'Site A', 'lastUpdated': '2025-08-11T14:02:47.483Z'}, {'id': 55, 'name': 'Excavator CAT 320 #403163', 'status': 'Under Maintenance', 'location': 'Site A', 'lastUpdated': '2025-08-11T14:02:50.559Z'}, {'id': 56, 'name': 'Excavator CAT 320 #636242', 'status': 'Active', 'location': 'Site A', 'lastUpdated': '2025-08-11T14:02:51.373Z'}, {'id': 57, 'name': 'Excavator CAT 320 #436719', 'status': 'Active', 'location': 'Site A', 'lastUpdated': '2025-08-11T14:02:52.177Z'}, {'id': 58, 'name': 'Excavator CAT 320 #073940', 'status': 'Idle', 'location': 'Site A', 'lastUpdated': '2025-08-11T14:02:54.280Z'}, {'id': 59, 'name': 'Excavator CAT 320 #960048', 'status': 'Active', 'location': 'Site A', 'lastUpdated': '2025-08-11T14:03:32.797Z'}, {'id': 60, 'name': 'Bulldozer Komatsu D65 #896925', 'status': 'Idle', 'location': 'Site B', 'lastUpdated': '2025-08-11T14:03:33.646Z'}, {'id': 61, 'name': 'Crane Liebherr LTM 1055 #716953', 'status': 'Under Maintenance', 'location': 'Site C', 'lastUpdated': '2025-08-11T14:03:34.462Z'}, {'id': 62, 'name': 'Loader JCB 3DX #537013', 'status': 'Active', 'location': 'Site D', 'lastUpdated': '2025-08-11T14:03:35.306Z'}, {'id': 63, 'name': 'Excavator CAT 320 #233363', 'status': 'Active', 'location': 'Site A', 'lastUpdated': '2025-08-11T14:03:37.002Z'}, {'id': 64, 'name': 'Bulldozer Komatsu D65 #657907', 'status': 'Idle', 'location': 'Site B', 'lastUpdated': '2025-08-11T14:03:37.408Z'}, {'id': 65, 'name': 'Crane Liebherr LTM 1055 #065656', 'status': 'Under Maintenance', 'location': 'Site C', 'lastUpdated': '2025-08-11T14:03:37.802Z'}, {'id': 66, 'name': 'Skid Steer S70 #854475', 'status': 'Idle', 'location': 'Site Z', 'lastUpdated': '2025-08-11T14:03:38.634Z'}, {'id': 67, 'name': 'Excavator CAT 320 #294061', 'status': 'Under Maintenance', 'location': 'Site A', 'lastUpdated': '2025-08-11T14:03:39.874Z'}, {'id': 68, 'name': 'Excavator CAT 320 #966710', 'status': 'Under Maintenance', 'location': 'Site A', 'lastUpdated': '2025-08-11T14:03:41.599Z'}, {'id': 69, 'name': 'Excavator CAT 320 #531838', 'status': 'Under Maintenance', 'location': 'Site A', 'lastUpdated': '2025-08-11T14:03:44.706Z'}, {'id': 70, 'name': 'Excavator CAT 320 #783183', 'status': 'Active', 'location': 'Site A', 'lastUpdated': '2025-08-11T14:03:45.573Z'}, {'id': 71, 'name': 'Excavator CAT 320 #648710', 'status': 'Active', 'location': 'Site A', 'lastUpdated': '2025-08-11T14:03:46.382Z'}, {'id': 72, 'name': 'Excavator CAT 320 #266191', 'status': 'Idle', 'location': 'Site A', 'lastUpdated': '2025-08-11T14:03:48.414Z'}, {'id': 73, 'name': 'Excavator CAT 320 #837845', 'status': 'Active', 'location': 'Site A', 'lastUpdated': '2025-08-11T14:06:04.626Z'}, {'id': 74, 'name': 'Bulldozer Komatsu D65 #724011', 'status': 'Idle', 'location': 'Site B', 'lastUpdated': '2025-08-11T14:06:05.460Z'}, {'id': 75, 'name': 'Crane Liebherr LTM 1055 #543572', 'status': 'Under Maintenance', 'location': 'Site C', 'lastUpdated': '2025-08-11T14:06:06.294Z'}, {'id': 76, 'name': 'Loader JCB 3DX #395196', 'status': 'Active', 'location': 'Site D', 'lastUpdated': '2025-08-11T14:06:07.123Z'}, {'id': 77, 'name': 'Excavator CAT 320 #060841', 'status': 'Active', 'location': 'Site A', 'lastUpdated': '2025-08-11T14:06:08.781Z'}, {'id': 78, 'name': 'Bulldozer Komatsu D65 #458744', 'status': 'Idle', 'location': 'Site B', 'lastUpdated': '2025-08-11T14:06:09.211Z'}, {'id': 79, 'name': 'Crane Liebherr LTM 1055 #888033', 'status': 'Under Maintenance', 'location': 'Site C', 'lastUpdated': '2025-08-11T14:06:09.709Z'}, {'id': 80, 'name': 'Skid Steer S70 #921575', 'status': 'Idle', 'location': 'Site Z', 'lastUpdated': '2025-08-11T14:06:10.651Z'}, {'id': 81, 'name': 'Excavator CAT 320 #329084', 'status': 'Under Maintenance', 'location': 'Site A', 'lastUpdated': '2025-08-11T14:06:12.178Z'}, {'id': 82, 'name': 'Excavator CAT 320 #268046', 'status': 'Under Maintenance', 'location': 'Site A', 'lastUpdated': '2025-08-11T14:06:13.874Z'}], 'count': 82}
08/11/2025 06:06:14 PM - INFO: End of test
08/11/2025 06:06:14 PM - INFO: Request
	url: https://qa-assignment-omega.vercel.app/api/equipment/234
	headers: {'Accept': '*/*', 'Content-Type': 'application/json', 'x-api-key': 'reqres-free-v1'}
08/11/2025 06:06:14 PM - INFO: End of test
08/11/2025 06:06:14 PM - INFO: Request
	url: https://qa-assignment-omega.vercel.app/api/equipment
	headers: {'Accept': '*/*', 'Content-Type': 'application/json', 'x-api-key': 'reqres-free-v1'}
08/11/2025 06:06:14 PM - INFO: Response
	{'success': True, 'data': [{'id': 1, 'name': 'Excavator CAT 320', 'status': 'Active', 'location': 'Site A', 'lastUpdated': '2024-01-15T10:30:00Z'}, {'id': 2, 'name': 'Bulldozer Komatsu D65', 'status': 'Idle', 'location': 'Site B', 'lastUpdated': '2024-01-15T09:15:00Z'}, {'id': 3, 'name': 'Crane Liebherr LTM', 'status': 'Under Maintenance', 'location': 'Workshop', 'lastUpdated': '2024-01-14T16:45:00Z'}, {'id': 4, 'name': 'Loader Volvo L120', 'status': 'Active', 'location': 'Site C', 'lastUpdated': '2024-01-15T11:20:00Z'}, {'id': 5, 'name': 'Dump Truck Terex TA300', 'status': 'Idle', 'location': 'Yard', 'lastUpdated': '2024-01-15T08:30:00Z'}, {'id': 6, 'name': '', 'status': 'Active', 'location': 'Site D', 'lastUpdated': '2024-01-15T12:00:00Z'}, {'id': 7, 'name': 'Excavator CAT 320 #147050', 'status': 'Under Maintenance', 'location': 'Site A', 'lastUpdated': '2025-08-11T13:57:11.459Z'}, {'id': 8, 'name': 'Excavator CAT 320 #532073', 'status': 'Under Maintenance', 'location': 'Site A', 'lastUpdated': '2025-08-11T13:57:12.299Z'}, {'id': 9, 'name': 'Excavator CAT 320 #367607', 'status': 'Under Maintenance', 'location': 'Site A', 'lastUpdated': '2025-08-11T13:57:20.984Z'}, {'id': 10, 'name': 'Excavator CAT 320 #070545', 'status': 'Under Maintenance', 'location': 'Site A', 'lastUpdated': '2025-08-11T13:57:21.844Z'}, {'id': 11, 'name': 'Excavator CAT 320 #003740', 'status': 'Under Maintenance', 'location': 'Site A', 'lastUpdated': '2025-08-11T13:58:02.646Z'}, {'id': 12, 'name': 'Excavator CAT 320 #738078', 'status': 'Under Maintenance', 'location': 'Site A', 'lastUpdated': '2025-08-11T13:58:03.960Z'}, {'id': 13, 'name': 'Excavator CAT 320 #656285', 'status': 'Under Maintenance', 'location': 'Site A', 'lastUpdated': '2025-08-11T13:58:15.290Z'}, {'id': 14, 'name': 'Excavator CAT 320 #403012', 'status': 'Under Maintenance', 'location': 'Site A', 'lastUpdated': '2025-08-11T13:58:16.984Z'}, {'id': 15, 'name': 'Excavator CAT 320 #234984', 'status': 'Under Maintenance', 'location': 'Site A', 'lastUpdated': '2025-08-11T13:58:21.804Z'}, {'id': 16, 'name': 'Excavator CAT 320 #865926', 'status': 'Under Maintenance', 'location': 'Site A', 'lastUpdated': '2025-08-11T13:58:23.403Z'}, {'id': 17, 'name': 'Excavator CAT 320 #346880', 'status': 'Active', 'location': 'Site A', 'lastUpdated': '2025-08-11T14:00:53.167Z'}, {'id': 18, 'name': 'Bulldozer Komatsu D65 #273227', 'status': 'Idle', 'location': 'Site B', 'lastUpdated': '2025-08-11T14:00:54.049Z'}, {'id': 19, 'name': 'Crane Liebherr LTM 1055 #144539', 'status': 'Under Maintenance', 'location': 'Site C', 'lastUpdated': '2025-08-11T14:00:54.909Z'}, {'id': 20, 'name': 'Loader JCB 3DX #968505', 'status': 'Active', 'location': 'Site D', 'lastUpdated': '2025-08-11T14:00:55.697Z'}, {'id': 21, 'name': 'Excavator CAT 320 #565199', 'status': 'Active', 'location': 'Site A', 'lastUpdated': '2025-08-11T14:00:57.306Z'}, {'id': 22, 'name': 'Bulldozer Komatsu D65 #958397', 'status': 'Idle', 'location': 'Site B', 'lastUpdated': '2025-08-11T14:00:57.704Z'}, {'id': 23, 'name': 'Crane Liebherr LTM 1055 #358361', 'status': 'Under Maintenance', 'location': 'Site C', 'lastUpdated': '2025-08-11T14:00:58.103Z'}, {'id': 24, 'name': 'Skid Steer S70 #147436', 'status': 'Idle', 'location': 'Site Z', 'lastUpdated': '2025-08-11T14:00:58.889Z'}, {'id': 25, 'name': 'Excavator CAT 320 #549361', 'status': 'Under Maintenance', 'location': 'Site A', 'lastUpdated': '2025-08-11T14:01:00.090Z'}, {'id': 26, 'name': 'Excavator CAT 320 #150927', 'status': 'Under Maintenance', 'location': 'Site A', 'lastUpdated': '2025-08-11T14:01:01.693Z'}, {'id': 27, 'name': 'Excavator CAT 320 #556336', 'status': 'Under Maintenance', 'location': 'Site A', 'lastUpdated': '2025-08-11T14:01:04.805Z'}, {'id': 28, 'name': 'Excavator CAT 320 #855871', 'status': 'Active', 'location': 'Site A', 'lastUpdated': '2025-08-11T14:01:05.603Z'}, {'id': 29, 'name': 'Excavator CAT 320 #685820', 'status': 'Active', 'location': 'Site A', 'lastUpdated': '2025-08-11T14:01:06.445Z'}, {'id': 30, 'name': 'Excavator CAT 320 #348089', 'status': 'Idle', 'location': 'Site A', 'lastUpdated': '2025-08-11T14:01:08.559Z'}, {'id': 31, 'name': 'Excavator CAT 320 #389353', 'status': 'Active', 'location': 'Site A', 'lastUpdated': '2025-08-11T14:02:08.190Z'}, {'id': 32, 'name': 'Bulldozer Komatsu D65 #272238', 'status': 'Idle', 'location': 'Site B', 'lastUpdated': '2025-08-11T14:02:09.051Z'}, {'id': 33, 'name': 'Crane Liebherr LTM 1055 #952156', 'status': 'Under Maintenance', 'location': 'Site C', 'lastUpdated': '2025-08-11T14:02:11.690Z'}, {'id': 34, 'name': 'Loader JCB 3DX #757455', 'status': 'Active', 'location': 'Site D', 'lastUpdated': '2025-08-11T14:02:12.518Z'}, {'id': 35, 'name': 'Excavator CAT 320 #460179', 'status': 'Active', 'location': 'Site A', 'lastUpdated': '2025-08-11T14:02:14.224Z'}, {'id': 36, 'name': 'Bulldozer Komatsu D65 #878528', 'status': 'Idle', 'location': 'Site B', 'lastUpdated': '2025-08-11T14:02:14.604Z'}, {'id': 37, 'name': 'Crane Liebherr LTM 1055 #262859', 'status': 'Under Maintenance', 'location': 'Site C', 'lastUpdated': '2025-08-11T14:02:15.025Z'}, {'id': 38, 'name': 'Skid Steer S70 #113959', 'status': 'Idle', 'location': 'Site Z', 'lastUpdated': '2025-08-11T14:02:15.869Z'}, {'id': 39, 'name': 'Excavator CAT 320 #533158', 'status': 'Under Maintenance', 'location': 'Site A', 'lastUpdated': '2025-08-11T14:02:17.113Z'}, {'id': 40, 'name': 'Excavator CAT 320 #236223', 'status': 'Under Maintenance', 'location': 'Site A', 'lastUpdated': '2025-08-11T14:02:18.755Z'}, {'id': 41, 'name': 'Excavator CAT 320 #732255', 'status': 'Under Maintenance', 'location': 'Site A', 'lastUpdated': '2025-08-11T14:02:21.927Z'}, {'id': 42, 'name': 'Excavator CAT 320 #003635', 'status': 'Active', 'location': 'Site A', 'lastUpdated': '2025-08-11T14:02:22.761Z'}, {'id': 43, 'name': 'Excavator CAT 320 #834922', 'status': 'Active', 'location': 'Site A', 'lastUpdated': '2025-08-11T14:02:23.610Z'}, {'id': 44, 'name': 'Excavator CAT 320 #514042', 'status': 'Idle', 'location': 'Site A', 'lastUpdated': '2025-08-11T14:02:25.720Z'}, {'id': 45, 'name': 'Excavator CAT 320 #883446', 'status': 'Active', 'location': 'Site A', 'lastUpdated': '2025-08-11T14:02:38.672Z'}, {'id': 46, 'name': 'Bulldozer Komatsu D65 #822419', 'status': 'Idle', 'location': 'Site B', 'lastUpdated': '2025-08-11T14:02:39.604Z'}, {'id': 47, 'name': 'Crane Liebherr LTM 1055 #667435', 'status': 'Under Maintenance', 'location': 'Site C', 'lastUpdated': '2025-08-11T14:02:40.427Z'}, {'id': 48, 'name': 'Loader JCB 3DX #499052', 'status': 'Active', 'location': 'Site D', 'lastUpdated': '2025-08-11T14:02:41.276Z'}, {'id': 49, 'name': 'Excavator CAT 320 #167617', 'status': 'Active', 'location': 'Site A', 'lastUpdated': '2025-08-11T14:02:42.930Z'}, {'id': 50, 'name': 'Bulldozer Komatsu D65 #586686', 'status': 'Idle', 'location': 'Site B', 'lastUpdated': '2025-08-11T14:02:43.353Z'}, {'id': 51, 'name': 'Crane Liebherr LTM 1055 #009627', 'status': 'Under Maintenance', 'location': 'Site C', 'lastUpdated': '2025-08-11T14:02:43.776Z'}, {'id': 52, 'name': 'Skid Steer S70 #805334', 'status': 'Idle', 'location': 'Site Z', 'lastUpdated': '2025-08-11T14:02:44.589Z'}, {'id': 53, 'name': 'Excavator CAT 320 #255412', 'status': 'Under Maintenance', 'location': 'Site A', 'lastUpdated': '2025-08-11T14:02:45.840Z'}, {'id': 54, 'name': 'Excavator CAT 320 #900789', 'status': 'Under Maintenance', 'location': 'Site A', 'lastUpdated': '2025-08-11T14:02:47.483Z'}, {'id': 55, 'name': 'Excavator CAT 320 #403163', 'status': 'Under Maintenance', 'location': 'Site A', 'lastUpdated': '2025-08-11T14:02:50.559Z'}, {'id': 56, 'name': 'Excavator CAT 320 #636242', 'status': 'Active', 'location': 'Site A', 'lastUpdated': '2025-08-11T14:02:51.373Z'}, {'id': 57, 'name': 'Excavator CAT 320 #436719', 'status': 'Active', 'location': 'Site A', 'lastUpdated': '2025-08-11T14:02:52.177Z'}, {'id': 58, 'name': 'Excavator CAT 320 #073940', 'status': 'Idle', 'location': 'Site A', 'lastUpdated': '2025-08-11T14:02:54.280Z'}, {'id': 59, 'name': 'Excavator CAT 320 #960048', 'status': 'Active', 'location': 'Site A', 'lastUpdated': '2025-08-11T14:03:32.797Z'}, {'id': 60, 'name': 'Bulldozer Komatsu D65 #896925', 'status': 'Idle', 'location': 'Site B', 'lastUpdated': '2025-08-11T14:03:33.646Z'}, {'id': 61, 'name': 'Crane Liebherr LTM 1055 #716953', 'status': 'Under Maintenance', 'location': 'Site C', 'lastUpdated': '2025-08-11T14:03:34.462Z'}, {'id': 62, 'name': 'Loader JCB 3DX #537013', 'status': 'Active', 'location': 'Site D', 'lastUpdated': '2025-08-11T14:03:35.306Z'}, {'id': 63, 'name': 'Excavator CAT 320 #233363', 'status': 'Active', 'location': 'Site A', 'lastUpdated': '2025-08-11T14:03:37.002Z'}, {'id': 64, 'name': 'Bulldozer Komatsu D65 #657907', 'status': 'Idle', 'location': 'Site B', 'lastUpdated': '2025-08-11T14:03:37.408Z'}, {'id': 65, 'name': 'Crane Liebherr LTM 1055 #065656', 'status': 'Under Maintenance', 'location': 'Site C', 'lastUpdated': '2025-08-11T14:03:37.802Z'}, {'id': 66, 'name': 'Skid Steer S70 #854475', 'status': 'Idle', 'location': 'Site Z', 'lastUpdated': '2025-08-11T14:03:38.634Z'}, {'id': 67, 'name': 'Excavator CAT 320 #294061', 'status': 'Under Maintenance', 'location': 'Site A', 'lastUpdated': '2025-08-11T14:03:39.874Z'}, {'id': 68, 'name': 'Excavator CAT 320 #966710', 'status': 'Under Maintenance', 'location': 'Site A', 'lastUpdated': '2025-08-11T14:03:41.599Z'}, {'id': 69, 'name': 'Excavator CAT 320 #531838', 'status': 'Under Maintenance', 'location': 'Site A', 'lastUpdated': '2025-08-11T14:03:44.706Z'}, {'id': 70, 'name': 'Excavator CAT 320 #783183', 'status': 'Active', 'location': 'Site A', 'lastUpdated': '2025-08-11T14:03:45.573Z'}, {'id': 71, 'name': 'Excavator CAT 320 #648710', 'status': 'Active', 'location': 'Site A', 'lastUpdated': '2025-08-11T14:03:46.382Z'}, {'id': 72, 'name': 'Excavator CAT 320 #266191', 'status': 'Idle', 'location': 'Site A', 'lastUpdated': '2025-08-11T14:03:48.414Z'}, {'id': 73, 'name': 'Excavator CAT 320 #837845', 'status': 'Active', 'location': 'Site A', 'lastUpdated': '2025-08-11T14:06:04.626Z'}, {'id': 74, 'name': 'Bulldozer Komatsu D65 #724011', 'status': 'Idle', 'location': 'Site B', 'lastUpdated': '2025-08-11T14:06:05.460Z'}, {'id': 75, 'name': 'Crane Liebherr LTM 1055 #543572', 'status': 'Under Maintenance', 'location': 'Site C', 'lastUpdated': '2025-08-11T14:06:06.294Z'}, {'id': 76, 'name': 'Loader JCB 3DX #395196', 'status': 'Active', 'location': 'Site D', 'lastUpdated': '2025-08-11T14:06:07.123Z'}, {'id': 77, 'name': 'Excavator CAT 320 #060841', 'status': 'Active', 'location': 'Site A', 'lastUpdated': '2025-08-11T14:06:08.781Z'}, {'id': 78, 'name': 'Bulldozer Komatsu D65 #458744', 'status': 'Idle', 'location': 'Site B', 'lastUpdated': '2025-08-11T14:06:09.211Z'}, {'id': 79, 'name': 'Crane Liebherr LTM 1055 #888033', 'status': 'Under Maintenance', 'location': 'Site C', 'lastUpdated': '2025-08-11T14:06:09.709Z'}, {'id': 80, 'name': 'Skid Steer S70 #921575', 'status': 'Idle', 'location': 'Site Z', 'lastUpdated': '2025-08-11T14:06:10.651Z'}, {'id': 81, 'name': 'Excavator CAT 320 #329084', 'status': 'Under Maintenance', 'location': 'Site A', 'lastUpdated': '2025-08-11T14:06:12.178Z'}, {'id': 82, 'name': 'Excavator CAT 320 #268046', 'status': 'Under Maintenance', 'location': 'Site A', 'lastUpdated': '2025-08-11T14:06:13.874Z'}], 'count': 82}
08/11/2025 06:06:14 PM - INFO: End of test
08/11/2025 06:06:14 PM - INFO: Request
	url: https://qa-assignment-omega.vercel.app/api/equipment
	headers: {'Accept': '*/*', 'Content-Type': 'application/json', 'x-api-key': 'reqres-free-v1'}
08/11/2025 06:06:15 PM - INFO: Response
	{'success': True, 'data': [{'id': 1, 'name': 'Excavator CAT 320', 'status': 'Active', 'location': 'Site A', 'lastUpdated': '2024-01-15T10:30:00Z'}, {'id': 2, 'name': 'Bulldozer Komatsu D65', 'status': 'Idle', 'location': 'Site B', 'lastUpdated': '2024-01-15T09:15:00Z'}, {'id': 3, 'name': 'Crane Liebherr LTM', 'status': 'Under Maintenance', 'location': 'Workshop', 'lastUpdated': '2024-01-14T16:45:00Z'}, {'id': 4, 'name': 'Loader Volvo L120', 'status': 'Active', 'location': 'Site C', 'lastUpdated': '2024-01-15T11:20:00Z'}, {'id': 5, 'name': 'Dump Truck Terex TA300', 'status': 'Idle', 'location': 'Yard', 'lastUpdated': '2024-01-15T08:30:00Z'}, {'id': 6, 'name': '', 'status': 'Active', 'location': 'Site D', 'lastUpdated': '2024-01-15T12:00:00Z'}, {'id': 7, 'name': 'Excavator CAT 320 #147050', 'status': 'Under Maintenance', 'location': 'Site A', 'lastUpdated': '2025-08-11T13:57:11.459Z'}, {'id': 8, 'name': 'Excavator CAT 320 #532073', 'status': 'Under Maintenance', 'location': 'Site A', 'lastUpdated': '2025-08-11T13:57:12.299Z'}, {'id': 9, 'name': 'Excavator CAT 320 #367607', 'status': 'Under Maintenance', 'location': 'Site A', 'lastUpdated': '2025-08-11T13:57:20.984Z'}, {'id': 10, 'name': 'Excavator CAT 320 #070545', 'status': 'Under Maintenance', 'location': 'Site A', 'lastUpdated': '2025-08-11T13:57:21.844Z'}, {'id': 11, 'name': 'Excavator CAT 320 #003740', 'status': 'Under Maintenance', 'location': 'Site A', 'lastUpdated': '2025-08-11T13:58:02.646Z'}, {'id': 12, 'name': 'Excavator CAT 320 #738078', 'status': 'Under Maintenance', 'location': 'Site A', 'lastUpdated': '2025-08-11T13:58:03.960Z'}, {'id': 13, 'name': 'Excavator CAT 320 #656285', 'status': 'Under Maintenance', 'location': 'Site A', 'lastUpdated': '2025-08-11T13:58:15.290Z'}, {'id': 14, 'name': 'Excavator CAT 320 #403012', 'status': 'Under Maintenance', 'location': 'Site A', 'lastUpdated': '2025-08-11T13:58:16.984Z'}, {'id': 15, 'name': 'Excavator CAT 320 #234984', 'status': 'Under Maintenance', 'location': 'Site A', 'lastUpdated': '2025-08-11T13:58:21.804Z'}, {'id': 16, 'name': 'Excavator CAT 320 #865926', 'status': 'Under Maintenance', 'location': 'Site A', 'lastUpdated': '2025-08-11T13:58:23.403Z'}, {'id': 17, 'name': 'Excavator CAT 320 #346880', 'status': 'Active', 'location': 'Site A', 'lastUpdated': '2025-08-11T14:00:53.167Z'}, {'id': 18, 'name': 'Bulldozer Komatsu D65 #273227', 'status': 'Idle', 'location': 'Site B', 'lastUpdated': '2025-08-11T14:00:54.049Z'}, {'id': 19, 'name': 'Crane Liebherr LTM 1055 #144539', 'status': 'Under Maintenance', 'location': 'Site C', 'lastUpdated': '2025-08-11T14:00:54.909Z'}, {'id': 20, 'name': 'Loader JCB 3DX #968505', 'status': 'Active', 'location': 'Site D', 'lastUpdated': '2025-08-11T14:00:55.697Z'}, {'id': 21, 'name': 'Excavator CAT 320 #565199', 'status': 'Active', 'location': 'Site A', 'lastUpdated': '2025-08-11T14:00:57.306Z'}, {'id': 22, 'name': 'Bulldozer Komatsu D65 #958397', 'status': 'Idle', 'location': 'Site B', 'lastUpdated': '2025-08-11T14:00:57.704Z'}, {'id': 23, 'name': 'Crane Liebherr LTM 1055 #358361', 'status': 'Under Maintenance', 'location': 'Site C', 'lastUpdated': '2025-08-11T14:00:58.103Z'}, {'id': 24, 'name': 'Skid Steer S70 #147436', 'status': 'Idle', 'location': 'Site Z', 'lastUpdated': '2025-08-11T14:00:58.889Z'}, {'id': 25, 'name': 'Excavator CAT 320 #549361', 'status': 'Under Maintenance', 'location': 'Site A', 'lastUpdated': '2025-08-11T14:01:00.090Z'}, {'id': 26, 'name': 'Excavator CAT 320 #150927', 'status': 'Under Maintenance', 'location': 'Site A', 'lastUpdated': '2025-08-11T14:01:01.693Z'}, {'id': 27, 'name': 'Excavator CAT 320 #556336', 'status': 'Under Maintenance', 'location': 'Site A', 'lastUpdated': '2025-08-11T14:01:04.805Z'}, {'id': 28, 'name': 'Excavator CAT 320 #855871', 'status': 'Active', 'location': 'Site A', 'lastUpdated': '2025-08-11T14:01:05.603Z'}, {'id': 29, 'name': 'Excavator CAT 320 #685820', 'status': 'Active', 'location': 'Site A', 'lastUpdated': '2025-08-11T14:01:06.445Z'}, {'id': 30, 'name': 'Excavator CAT 320 #348089', 'status': 'Idle', 'location': 'Site A', 'lastUpdated': '2025-08-11T14:01:08.559Z'}, {'id': 31, 'name': 'Excavator CAT 320 #389353', 'status': 'Active', 'location': 'Site A', 'lastUpdated': '2025-08-11T14:02:08.190Z'}, {'id': 32, 'name': 'Bulldozer Komatsu D65 #272238', 'status': 'Idle', 'location': 'Site B', 'lastUpdated': '2025-08-11T14:02:09.051Z'}, {'id': 33, 'name': 'Crane Liebherr LTM 1055 #952156', 'status': 'Under Maintenance', 'location': 'Site C', 'lastUpdated': '2025-08-11T14:02:11.690Z'}, {'id': 34, 'name': 'Loader JCB 3DX #757455', 'status': 'Active', 'location': 'Site D', 'lastUpdated': '2025-08-11T14:02:12.518Z'}, {'id': 35, 'name': 'Excavator CAT 320 #460179', 'status': 'Active', 'location': 'Site A', 'lastUpdated': '2025-08-11T14:02:14.224Z'}, {'id': 36, 'name': 'Bulldozer Komatsu D65 #878528', 'status': 'Idle', 'location': 'Site B', 'lastUpdated': '2025-08-11T14:02:14.604Z'}, {'id': 37, 'name': 'Crane Liebherr LTM 1055 #262859', 'status': 'Under Maintenance', 'location': 'Site C', 'lastUpdated': '2025-08-11T14:02:15.025Z'}, {'id': 38, 'name': 'Skid Steer S70 #113959', 'status': 'Idle', 'location': 'Site Z', 'lastUpdated': '2025-08-11T14:02:15.869Z'}, {'id': 39, 'name': 'Excavator CAT 320 #533158', 'status': 'Under Maintenance', 'location': 'Site A', 'lastUpdated': '2025-08-11T14:02:17.113Z'}, {'id': 40, 'name': 'Excavator CAT 320 #236223', 'status': 'Under Maintenance', 'location': 'Site A', 'lastUpdated': '2025-08-11T14:02:18.755Z'}, {'id': 41, 'name': 'Excavator CAT 320 #732255', 'status': 'Under Maintenance', 'location': 'Site A', 'lastUpdated': '2025-08-11T14:02:21.927Z'}, {'id': 42, 'name': 'Excavator CAT 320 #003635', 'status': 'Active', 'location': 'Site A', 'lastUpdated': '2025-08-11T14:02:22.761Z'}, {'id': 43, 'name': 'Excavator CAT 320 #834922', 'status': 'Active', 'location': 'Site A', 'lastUpdated': '2025-08-11T14:02:23.610Z'}, {'id': 44, 'name': 'Excavator CAT 320 #514042', 'status': 'Idle', 'location': 'Site A', 'lastUpdated': '2025-08-11T14:02:25.720Z'}, {'id': 45, 'name': 'Excavator CAT 320 #883446', 'status': 'Active', 'location': 'Site A', 'lastUpdated': '2025-08-11T14:02:38.672Z'}, {'id': 46, 'name': 'Bulldozer Komatsu D65 #822419', 'status': 'Idle', 'location': 'Site B', 'lastUpdated': '2025-08-11T14:02:39.604Z'}, {'id': 47, 'name': 'Crane Liebherr LTM 1055 #667435', 'status': 'Under Maintenance', 'location': 'Site C', 'lastUpdated': '2025-08-11T14:02:40.427Z'}, {'id': 48, 'name': 'Loader JCB 3DX #499052', 'status': 'Active', 'location': 'Site D', 'lastUpdated': '2025-08-11T14:02:41.276Z'}, {'id': 49, 'name': 'Excavator CAT 320 #167617', 'status': 'Active', 'location': 'Site A', 'lastUpdated': '2025-08-11T14:02:42.930Z'}, {'id': 50, 'name': 'Bulldozer Komatsu D65 #586686', 'status': 'Idle', 'location': 'Site B', 'lastUpdated': '2025-08-11T14:02:43.353Z'}, {'id': 51, 'name': 'Crane Liebherr LTM 1055 #009627', 'status': 'Under Maintenance', 'location': 'Site C', 'lastUpdated': '2025-08-11T14:02:43.776Z'}, {'id': 52, 'name': 'Skid Steer S70 #805334', 'status': 'Idle', 'location': 'Site Z', 'lastUpdated': '2025-08-11T14:02:44.589Z'}, {'id': 53, 'name': 'Excavator CAT 320 #255412', 'status': 'Under Maintenance', 'location': 'Site A', 'lastUpdated': '2025-08-11T14:02:45.840Z'}, {'id': 54, 'name': 'Excavator CAT 320 #900789', 'status': 'Under Maintenance', 'location': 'Site A', 'lastUpdated': '2025-08-11T14:02:47.483Z'}, {'id': 55, 'name': 'Excavator CAT 320 #403163', 'status': 'Under Maintenance', 'location': 'Site A', 'lastUpdated': '2025-08-11T14:02:50.559Z'}, {'id': 56, 'name': 'Excavator CAT 320 #636242', 'status': 'Active', 'location': 'Site A', 'lastUpdated': '2025-08-11T14:02:51.373Z'}, {'id': 57, 'name': 'Excavator CAT 320 #436719', 'status': 'Active', 'location': 'Site A', 'lastUpdated': '2025-08-11T14:02:52.177Z'}, {'id': 58, 'name': 'Excavator CAT 320 #073940', 'status': 'Idle', 'location': 'Site A', 'lastUpdated': '2025-08-11T14:02:54.280Z'}, {'id': 59, 'name': 'Excavator CAT 320 #960048', 'status': 'Active', 'location': 'Site A', 'lastUpdated': '2025-08-11T14:03:32.797Z'}, {'id': 60, 'name': 'Bulldozer Komatsu D65 #896925', 'status': 'Idle', 'location': 'Site B', 'lastUpdated': '2025-08-11T14:03:33.646Z'}, {'id': 61, 'name': 'Crane Liebherr LTM 1055 #716953', 'status': 'Under Maintenance', 'location': 'Site C', 'lastUpdated': '2025-08-11T14:03:34.462Z'}, {'id': 62, 'name': 'Loader JCB 3DX #537013', 'status': 'Active', 'location': 'Site D', 'lastUpdated': '2025-08-11T14:03:35.306Z'}, {'id': 63, 'name': 'Excavator CAT 320 #233363', 'status': 'Active', 'location': 'Site A', 'lastUpdated': '2025-08-11T14:03:37.002Z'}, {'id': 64, 'name': 'Bulldozer Komatsu D65 #657907', 'status': 'Idle', 'location': 'Site B', 'lastUpdated': '2025-08-11T14:03:37.408Z'}, {'id': 65, 'name': 'Crane Liebherr LTM 1055 #065656', 'status': 'Under Maintenance', 'location': 'Site C', 'lastUpdated': '2025-08-11T14:03:37.802Z'}, {'id': 66, 'name': 'Skid Steer S70 #854475', 'status': 'Idle', 'location': 'Site Z', 'lastUpdated': '2025-08-11T14:03:38.634Z'}, {'id': 67, 'name': 'Excavator CAT 320 #294061', 'status': 'Under Maintenance', 'location': 'Site A', 'lastUpdated': '2025-08-11T14:03:39.874Z'}, {'id': 68, 'name': 'Excavator CAT 320 #966710', 'status': 'Under Maintenance', 'location': 'Site A', 'lastUpdated': '2025-08-11T14:03:41.599Z'}, {'id': 69, 'name': 'Excavator CAT 320 #531838', 'status': 'Under Maintenance', 'location': 'Site A', 'lastUpdated': '2025-08-11T14:03:44.706Z'}, {'id': 70, 'name': 'Excavator CAT 320 #783183', 'status': 'Active', 'location': 'Site A', 'lastUpdated': '2025-08-11T14:03:45.573Z'}, {'id': 71, 'name': 'Excavator CAT 320 #648710', 'status': 'Active', 'location': 'Site A', 'lastUpdated': '2025-08-11T14:03:46.382Z'}, {'id': 72, 'name': 'Excavator CAT 320 #266191', 'status': 'Idle', 'location': 'Site A', 'lastUpdated': '2025-08-11T14:03:48.414Z'}, {'id': 73, 'name': 'Excavator CAT 320 #837845', 'status': 'Active', 'location': 'Site A', 'lastUpdated': '2025-08-11T14:06:04.626Z'}, {'id': 74, 'name': 'Bulldozer Komatsu D65 #724011', 'status': 'Idle', 'location': 'Site B', 'lastUpdated': '2025-08-11T14:06:05.460Z'}, {'id': 75, 'name': 'Crane Liebherr LTM 1055 #543572', 'status': 'Under Maintenance', 'location': 'Site C', 'lastUpdated': '2025-08-11T14:06:06.294Z'}, {'id': 76, 'name': 'Loader JCB 3DX #395196', 'status': 'Active', 'location': 'Site D', 'lastUpdated': '2025-08-11T14:06:07.123Z'}, {'id': 77, 'name': 'Excavator CAT 320 #060841', 'status': 'Active', 'location': 'Site A', 'lastUpdated': '2025-08-11T14:06:08.781Z'}, {'id': 78, 'name': 'Bulldozer Komatsu D65 #458744', 'status': 'Idle', 'location': 'Site B', 'lastUpdated': '2025-08-11T14:06:09.211Z'}, {'id': 79, 'name': 'Crane Liebherr LTM 1055 #888033', 'status': 'Under Maintenance', 'location': 'Site C', 'lastUpdated': '2025-08-11T14:06:09.709Z'}, {'id': 80, 'name': 'Skid Steer S70 #921575', 'status': 'Idle', 'location': 'Site Z', 'lastUpdated': '2025-08-11T14:06:10.651Z'}, {'id': 81, 'name': 'Excavator CAT 320 #329084', 'status': 'Under Maintenance', 'location': 'Site A', 'lastUpdated': '2025-08-11T14:06:12.178Z'}, {'id': 82, 'name': 'Excavator CAT 320 #268046', 'status': 'Under Maintenance', 'location': 'Site A', 'lastUpdated': '2025-08-11T14:06:13.874Z'}], 'count': 82}
08/11/2025 06:06:15 PM - INFO: End of test
08/11/2025 06:06:15 PM - INFO: Request
	url: https://qa-assignment-omega.vercel.app/api/equipment
	headers: {'Accept': '*/*', 'Content-Type': 'application/json', 'x-api-key': 'reqres-free-v1'}
08/11/2025 06:06:15 PM - INFO: Response time: 428.1 ms
08/11/2025 06:06:15 PM - INFO: End of test
08/11/2025 06:06:15 PM - INFO: Request
	url: https://qa-assignment-omega.vercel.app/api/equipment
	headers: {'Accept': '*/*', 'Content-Type': 'application/json', 'x-api-key': 'reqres-free-v1'}
	payload: {'name': 'Excavator CAT 320 #852508', 'status': 'Idle', 'location': 'Site A'}
08/11/2025 06:06:16 PM - INFO: Request
	url: https://qa-assignment-omega.vercel.app/api/equipment/83/status
	headers: {'Accept': '*/*', 'Content-Type': 'application/json', 'x-api-key': 'reqres-free-v1'}
	payload: {'status': 'Under Maintenance', 'changedBy': 'Operator John'}
08/11/2025 06:06:16 PM - INFO: UPDATE status -> id=83, payload={'status': 'Under Maintenance', 'changedBy': 'Operator John'} (https://qa-assignment-omega.vercel.app/api/equipment/83/status)
08/11/2025 06:06:16 PM - INFO: Response 200: {"success":true,"data":{"equipment":{"id":83,"name":"Excavator CAT 320 #852508","status":"Under Maintenance","location":"Site A","lastUpdated":"2025-08-11T14:06:17.016Z"},"historyEntry":{"id":50,"equipmentId":83,"previousStatus":"Idle","newStatus":"Under Maintenance","timestamp":"2025-08-11T14:06:17.016Z","changedBy":"Operator John"}}}
08/11/2025 06:06:16 PM - INFO: Request
	url: https://qa-assignment-omega.vercel.app/api/equipment
	headers: {'Accept': '*/*', 'Content-Type': 'application/json', 'x-api-key': 'reqres-free-v1'}
08/11/2025 06:06:17 PM - INFO: End of test
08/11/2025 06:06:17 PM - INFO: Request
	url: https://qa-assignment-omega.vercel.app/api/equipment
	headers: {'Accept': '*/*', 'Content-Type': 'application/json', 'x-api-key': 'reqres-free-v1'}
	payload: {'name': 'Excavator CAT 320 #120132', 'status': 'Active', 'location': 'Site A'}
08/11/2025 06:06:17 PM - INFO: Request
	url: https://qa-assignment-omega.vercel.app/api/equipment/84/status
	headers: {'Accept': '*/*', 'Content-Type': 'application/json', 'x-api-key': 'reqres-free-v1'}
	payload: {'status': 'BROKEN', 'changedBy': 'Operator John'}
08/11/2025 06:06:17 PM - INFO: 400 attempt id=84 payload={'status': 'BROKEN', 'changedBy': 'Operator John'} -> 400 {"success":false,"error":"Invalid status. Must be Active, Idle, or Under Maintenance"}
08/11/2025 06:06:17 PM - INFO: End of test
08/11/2025 06:06:17 PM - INFO: Request
	url: https://qa-assignment-omega.vercel.app/api/equipment
	headers: {'Accept': '*/*', 'Content-Type': 'application/json', 'x-api-key': 'reqres-free-v1'}
	payload: {'name': 'Excavator CAT 320 #941963', 'status': 'Active', 'location': 'Site A'}
08/11/2025 06:06:18 PM - INFO: Request
	url: https://qa-assignment-omega.vercel.app/api/equipment/85/status
	headers: {'Accept': '*/*', 'Content-Type': 'application/json', 'x-api-key': 'reqres-free-v1'}
	payload: {'changedBy': 'Operator John'}
08/11/2025 06:06:18 PM - INFO: 400 attempt id=85 payload={'changedBy': 'Operator John'} -> 400 {"success":false,"error":"Status is required"}
08/11/2025 06:06:18 PM - INFO: End of test
08/11/2025 06:06:18 PM - INFO: Request
	url: https://qa-assignment-omega.vercel.app/api/equipment
	headers: {'Accept': '*/*', 'Content-Type': 'application/json', 'x-api-key': 'reqres-free-v1'}
08/11/2025 06:06:19 PM - INFO: 404 attempt id=100084 -> 404 {"success":false,"error":"Equipment not found"}
08/11/2025 06:06:19 PM - INFO: End of test
08/11/2025 06:06:19 PM - INFO: Request
	url: https://qa-assignment-omega.vercel.app/api/equipment
	headers: {'Accept': '*/*', 'Content-Type': 'application/json', 'x-api-key': 'reqres-free-v1'}
	payload: {'name': 'Excavator CAT 320 #580654', 'status': 'Active', 'location': 'Site A'}
08/11/2025 06:06:19 PM - INFO: Request
	url: https://qa-assignment-omega.vercel.app/api/equipment/86/status
	headers: {'Accept': '*/*', 'Content-Type': 'application/json', 'x-api-key': 'reqres-free-v1'}
	payload: {'status': 'Idle', 'changedBy': 'Operator John'}
08/11/2025 06:06:20 PM - INFO: UPDATE time: 410.9 ms (status=200)
08/11/2025 06:06:20 PM - INFO: End of test
